Line     4: ID(isum)
Line     4: '='
Line     4: INT_LIT(0)
Line     4: '+'
Line     5: INT_LIT(1)
Line     5: '+'
Line     6: INT_LIT(2)
Line     6: '+'
Line     7: INT_LIT(3)
Line     7: '+'
Line     8: INT_LIT(4)
Line     8: '+'
Line     9: INT_LIT(5)
Line     9: '+'
Line    10: INT_LIT(6)
Line    10: '+'
Line    11: INT_LIT(7)
Line    11: '+'
Line    12: INT_LIT(8)
Line    12: '+'
Line    13: INT_LIT(9)
Line    13: '+'
Line    14: INT_LIT(10)
Line    14: '+'
Line    15: INT_LIT(11)
Line    15: '+'
Line    16: INT_LIT(12)
Line    16: '+'
Line    17: INT_LIT(13)
Line    17: '+'
Line    18: INT_LIT(14)
Line    18: '+'
Line    19: INT_LIT(15)
Line    19: '+'
Line    20: INT_LIT(16)
Line    20: '+'
Line    21: INT_LIT(17)
Line    21: '+'
Line    22: INT_LIT(18)
Line    22: '+'
Line    23: INT_LIT(19)
Line    23: '+'
