Line     5: INT_LIT(501)
Line     5: FORMAT
Line     5: '('
Line     5: FIELD_DESC(3I5)
Line     5: ')'
Line     6: EOS
Line     6: INT_LIT(601)
Line     6: FORMAT
Line     6: '('
Line     6: HOLLERITH_LIT( A= )
Line     6: ','
Line     6: FIELD_DESC(1I5)
Line     6: ','
Line     6: HOLLERITH_LIT(  B= )
Line     6: ','
Line     6: FIELD_DESC(1I5)
Line     6: ','
Line     6: HOLLERITH_LIT(  C= )
Line     6: ','
Line     6: FIELD_DESC(1I5)
Line     6: ','
Line     6: HOLLERITH_LIT(  AREA= )
Line     6: ','
Line     6: FIELD_DESC(0P1F10.2)
Line     6: ','
Line     7: HOLLERITH_LIT( SQUARE UNITS)
Line     7: ')'
Line     8: EOS
Line     8: INT_LIT(602)
Line     8: FORMAT
Line     8: '('
Line     8: HOLLERITH_LIT(NORMAL END)
Line     8: ')'
Line     9: EOS
Line     9: INT_LIT(603)
Line     9: FORMAT
Line     9: '('
Line     9: HOLLERITH_LIT(INPUT ERROR, ZERO VALUE)
Line     9: ')'
Line    10: EOS
Line    10: INTEGER
Line    10: ID(a)
Line    10: ','
Line    10: ID(b)
Line    10: ','
Line    10: ID(c)
Line    11: EOS
Line    11: INT_LIT(10)
Line    11: READ
Line    11: '('
Line    11: INT_LIT(5)
Line    11: ','
Line    11: INT_LIT(501)
Line    11: ')'
Line    11: ID(a)
Line    11: ','
Line    11: ID(b)
Line    11: ','
Line    11: ID(c)
Line    12: EOS
Line    12: IF
Line    12: '('
Line    12: ID(a)
Line    12: EQ
Line    12: INT_LIT(0)
Line    12: AND
Line    12: ID(b)
Line    12: EQ
Line    12: INT_LIT(0)
Line    12: AND
Line    12: ID(c)
Line    12: EQ
Line    12: INT_LIT(0)
Line    12: ')'
Line    12: GO
Line    12: TO
Line    12: INT_LIT(50)
Line    13: EOS
Line    13: IF
Line    13: '('
Line    13: ID(a)
Line    13: EQ
Line    13: INT_LIT(0)
Line    13: OR
Line    13: ID(b)
Line    13: EQ
Line    13: INT_LIT(0)
Line    13: OR
Line    13: ID(c)
Line    13: EQ
Line    13: INT_LIT(0)
Line    13: ')'
Line    13: GO
Line    13: TO
Line    13: INT_LIT(90)
Line    14: EOS
Line    14: ID(s)
Line    14: '='
Line    14: '('
Line    14: ID(a)
Line    14: '+'
Line    14: ID(b)
Line    14: '+'
Line    14: ID(c)
Line    14: ')'
Line    14: '/'
Line    14: REAL_LIT(2.000000)
Line    15: EOS
Line    15: ID(area)
Line    15: '='
Line    15: ID(sqrt)
Line    15: '('
Line    15: ID(s)
Line    15: '*'
Line    15: '('
Line    15: ID(s)
Line    15: '-'
Line    15: ID(a)
Line    15: ')'
Line    15: '*'
Line    15: '('
Line    15: ID(s)
Line    15: '-'
Line    15: ID(b)
Line    15: ')'
Line    15: '*'
Line    15: '('
Line    15: ID(s)
Line    15: '-'
Line    15: ID(c)
Line    15: ')'
Line    15: ')'
Line    16: EOS
Line    16: WRITE
Line    16: '('
Line    16: INT_LIT(6)
Line    16: ','
Line    16: INT_LIT(601)
Line    16: ')'
Line    16: ID(a)
Line    16: ','
Line    16: ID(b)
Line    16: ','
Line    16: ID(c)
Line    16: ','
Line    16: ID(area)
Line    17: EOS
Line    17: GO
Line    17: TO
Line    17: INT_LIT(10)
Line    18: EOS
Line    18: INT_LIT(50)
Line    18: WRITE
Line    18: '('
Line    18: INT_LIT(6)
Line    18: ','
Line    18: INT_LIT(602)
Line    18: ')'
Line    19: EOS
Line    19: STOP
Line    20: EOS
Line    20: INT_LIT(90)
Line    20: WRITE
Line    20: '('
Line    20: INT_LIT(6)
Line    20: ','
Line    20: INT_LIT(603)
Line    20: ')'
Line    21: EOS
Line    21: STOP
Line    22: EOS
Line    22: END
