Line     4: PAUSE
Line     4: OCTAL(00123)
Line     5: EOS
Line     5: STOP
Line     6: EOS
Line     6: END
