Line     4: INT_LIT(101)
Line     4: FORMAT
Line     4: '('
Line     4: FIELD_SEP
Line     4: FIELD_DESC(-1P2D4.3)
Line     4: ','
Line     4: FIELD_DESC(3X)
Line     4: FIELD_SEP
Line     4: FIELD_DESC(1A4)
Line     4: ','
Line     4: HOLLERITH_LIT(Hello)
Line     4: FIELD_SEP
Line     4: ')'
Line     5: EOS
Line     5: INT_LIT(222)
Line     5: FORMAT
Line     5: '('
Line     5: FIELD_DESC(-1P2D4.3)
Line     5: ')'
Line     6: EOS
Line     6: END
