Line     1: ID(avg)
Line     1: '('
Line     1: ID(a)
Line     1: ','
Line     1: ID(b)
Line     1: ','
Line     1: ID(c)
Line     1: ','
Line     1: ID(d)
Line     1: ')'
Line     1: '='
Line     1: '('
Line     1: ID(a)
Line     1: '+'
Line     1: ID(b)
Line     1: '+'
Line     1: ID(c)
Line     1: '+'
Line     1: ID(d)
Line     1: ')'
Line     1: '/'
Line     1: REAL_LIT(4.000000)
Line     2: EOS
Line     2: END
