Line     4: INT_LIT(90)
Line     4: ASSIGN
Line     4: INT_LIT(100)
Line     4: TO
Line     4: ID(i2)
Line     5: EOS
Line     5: ASSIGN
Line     5: INT_LIT(99)
Line     5: TO
Line     5: ID(i1)
Line     6: EOS
Line     6: ASSIGN
Line     6: INT_LIT(666)
Line     7: TO
Line     7: ID(i3)
Line     8: EOS
Line     8: GO
Line     8: TO
Line     8: INT_LIT(666)
Line     9: EOS
Line     9: GO
Line     9: TO
Line     9: ID(i1)
Line     9: ','
Line     9: '('
Line     9: INT_LIT(99)
Line     9: ','
Line     9: INT_LIT(100)
Line     9: ')'
Line    10: EOS
Line    10: INT_LIT(100)
Line    10: GO
Line    11: TO
Line    11: '('
Line    11: INT_LIT(99)
Line    11: ','
Line    11: INT_LIT(100)
Line    11: ')'
Line    11: ','
Line    11: ID(i2)
Line    12: EOS
Line    12: END
